------------------------------------------------------------
Timing Analyzer Summary
------------------------------------------------------------

Type  : Slow 1100mV 85C Model Setup 'clock'
Slack : 3.041
TNS   : 0.000

Type  : Slow 1100mV 85C Model Setup 'clock_output'
Slack : 4.011
TNS   : 0.000

Type  : Slow 1100mV 85C Model Hold 'clock'
Slack : 0.375
TNS   : 0.000

Type  : Slow 1100mV 85C Model Hold 'clock_output'
Slack : 7.174
TNS   : 0.000

Type  : Slow 1100mV 85C Model Recovery 'clock'
Slack : 9.088
TNS   : 0.000

Type  : Slow 1100mV 85C Model Removal 'clock'
Slack : 0.528
TNS   : 0.000

Type  : Slow 1100mV 85C Model Minimum Pulse Width 'clock'
Slack : 5.473
TNS   : 0.000

Type  : Slow 1100mV 0C Model Setup 'clock'
Slack : 3.053
TNS   : 0.000

Type  : Slow 1100mV 0C Model Setup 'clock_output'
Slack : 4.220
TNS   : 0.000

Type  : Slow 1100mV 0C Model Hold 'clock'
Slack : 0.388
TNS   : 0.000

Type  : Slow 1100mV 0C Model Hold 'clock_output'
Slack : 6.987
TNS   : 0.000

Type  : Slow 1100mV 0C Model Recovery 'clock'
Slack : 6.369
TNS   : 0.000

Type  : Slow 1100mV 0C Model Removal 'clock'
Slack : 2.999
TNS   : 0.000

Type  : Slow 1100mV 0C Model Minimum Pulse Width 'clock'
Slack : 5.520
TNS   : 0.000

Type  : Fast 1100mV 85C Model Setup 'clock'
Slack : 5.449
TNS   : 0.000

Type  : Fast 1100mV 85C Model Setup 'clock_output'
Slack : 7.303
TNS   : 0.000

Type  : Fast 1100mV 85C Model Hold 'clock'
Slack : 0.181
TNS   : 0.000

Type  : Fast 1100mV 85C Model Hold 'clock_output'
Slack : 4.314
TNS   : 0.000

Type  : Fast 1100mV 85C Model Recovery 'clock'
Slack : 7.501
TNS   : 0.000

Type  : Fast 1100mV 85C Model Removal 'clock'
Slack : 2.235
TNS   : 0.000

Type  : Fast 1100mV 85C Model Minimum Pulse Width 'clock'
Slack : 5.327
TNS   : 0.000

Type  : Fast 1100mV 0C Model Setup 'clock'
Slack : 6.263
TNS   : 0.000

Type  : Fast 1100mV 0C Model Setup 'clock_output'
Slack : 7.661
TNS   : 0.000

Type  : Fast 1100mV 0C Model Hold 'clock'
Slack : 0.173
TNS   : 0.000

Type  : Fast 1100mV 0C Model Hold 'clock_output'
Slack : 3.960
TNS   : 0.000

Type  : Fast 1100mV 0C Model Recovery 'clock'
Slack : 9.495
TNS   : 0.000

Type  : Fast 1100mV 0C Model Removal 'clock'
Slack : 0.443
TNS   : 0.000

Type  : Fast 1100mV 0C Model Minimum Pulse Width 'clock'
Slack : 5.283
TNS   : 0.000

------------------------------------------------------------
