------------------------------------------------------------
Timing Analyzer Summary
------------------------------------------------------------

Type  : Slow 1100mV 85C Model Setup 'clock'
Slack : 3.464
TNS   : 0.000

Type  : Slow 1100mV 85C Model Setup 'clock_output'
Slack : 4.011
TNS   : 0.000

Type  : Slow 1100mV 85C Model Hold 'clock'
Slack : 0.382
TNS   : 0.000

Type  : Slow 1100mV 85C Model Hold 'clock_output'
Slack : 7.174
TNS   : 0.000

Type  : Slow 1100mV 85C Model Recovery 'clock'
Slack : 9.034
TNS   : 0.000

Type  : Slow 1100mV 85C Model Removal 'clock'
Slack : 0.528
TNS   : 0.000

Type  : Slow 1100mV 85C Model Minimum Pulse Width 'clock'
Slack : 5.472
TNS   : 0.000

Type  : Slow 1100mV 0C Model Setup 'clock'
Slack : 4.144
TNS   : 0.000

Type  : Slow 1100mV 0C Model Setup 'clock_output'
Slack : 4.220
TNS   : 0.000

Type  : Slow 1100mV 0C Model Hold 'clock'
Slack : 0.399
TNS   : 0.000

Type  : Slow 1100mV 0C Model Hold 'clock_output'
Slack : 6.987
TNS   : 0.000

Type  : Slow 1100mV 0C Model Recovery 'clock'
Slack : 6.316
TNS   : 0.000

Type  : Slow 1100mV 0C Model Removal 'clock'
Slack : 2.999
TNS   : 0.000

Type  : Slow 1100mV 0C Model Minimum Pulse Width 'clock'
Slack : 5.520
TNS   : 0.000

Type  : Fast 1100mV 85C Model Setup 'clock'
Slack : 6.335
TNS   : 0.000

Type  : Fast 1100mV 85C Model Setup 'clock_output'
Slack : 7.303
TNS   : 0.000

Type  : Fast 1100mV 85C Model Hold 'clock'
Slack : 0.186
TNS   : 0.000

Type  : Fast 1100mV 85C Model Hold 'clock_output'
Slack : 4.314
TNS   : 0.000

Type  : Fast 1100mV 85C Model Recovery 'clock'
Slack : 7.462
TNS   : 0.000

Type  : Fast 1100mV 85C Model Removal 'clock'
Slack : 2.235
TNS   : 0.000

Type  : Fast 1100mV 85C Model Minimum Pulse Width 'clock'
Slack : 5.327
TNS   : 0.000

Type  : Fast 1100mV 0C Model Setup 'clock'
Slack : 6.578
TNS   : 0.000

Type  : Fast 1100mV 0C Model Setup 'clock_output'
Slack : 7.661
TNS   : 0.000

Type  : Fast 1100mV 0C Model Hold 'clock'
Slack : 0.176
TNS   : 0.000

Type  : Fast 1100mV 0C Model Hold 'clock_output'
Slack : 3.960
TNS   : 0.000

Type  : Fast 1100mV 0C Model Recovery 'clock'
Slack : 9.459
TNS   : 0.000

Type  : Fast 1100mV 0C Model Removal 'clock'
Slack : 0.443
TNS   : 0.000

Type  : Fast 1100mV 0C Model Minimum Pulse Width 'clock'
Slack : 5.283
TNS   : 0.000

------------------------------------------------------------
