------------------------------------------------------------
Timing Analyzer Summary
------------------------------------------------------------

Type  : Slow 1100mV 85C Model Setup 'clock'
Slack : 3.172
TNS   : 0.000

Type  : Slow 1100mV 85C Model Setup 'clock_output'
Slack : 4.011
TNS   : 0.000

Type  : Slow 1100mV 85C Model Hold 'clock'
Slack : 0.361
TNS   : 0.000

Type  : Slow 1100mV 85C Model Hold 'clock_output'
Slack : 7.174
TNS   : 0.000

Type  : Slow 1100mV 85C Model Recovery 'clock'
Slack : 9.020
TNS   : 0.000

Type  : Slow 1100mV 85C Model Removal 'clock'
Slack : 0.528
TNS   : 0.000

Type  : Slow 1100mV 85C Model Minimum Pulse Width 'clock'
Slack : 5.473
TNS   : 0.000

Type  : Slow 1100mV 0C Model Setup 'clock'
Slack : 3.677
TNS   : 0.000

Type  : Slow 1100mV 0C Model Setup 'clock_output'
Slack : 4.220
TNS   : 0.000

Type  : Slow 1100mV 0C Model Hold 'clock'
Slack : 0.377
TNS   : 0.000

Type  : Slow 1100mV 0C Model Hold 'clock_output'
Slack : 6.987
TNS   : 0.000

Type  : Slow 1100mV 0C Model Recovery 'clock'
Slack : 6.318
TNS   : 0.000

Type  : Slow 1100mV 0C Model Removal 'clock'
Slack : 2.999
TNS   : 0.000

Type  : Slow 1100mV 0C Model Minimum Pulse Width 'clock'
Slack : 5.520
TNS   : 0.000

Type  : Fast 1100mV 85C Model Setup 'clock'
Slack : 5.641
TNS   : 0.000

Type  : Fast 1100mV 85C Model Setup 'clock_output'
Slack : 7.303
TNS   : 0.000

Type  : Fast 1100mV 85C Model Hold 'clock'
Slack : 0.177
TNS   : 0.000

Type  : Fast 1100mV 85C Model Hold 'clock_output'
Slack : 4.314
TNS   : 0.000

Type  : Fast 1100mV 85C Model Recovery 'clock'
Slack : 7.459
TNS   : 0.000

Type  : Fast 1100mV 85C Model Removal 'clock'
Slack : 2.235
TNS   : 0.000

Type  : Fast 1100mV 85C Model Minimum Pulse Width 'clock'
Slack : 5.327
TNS   : 0.000

Type  : Fast 1100mV 0C Model Setup 'clock'
Slack : 6.331
TNS   : 0.000

Type  : Fast 1100mV 0C Model Setup 'clock_output'
Slack : 7.661
TNS   : 0.000

Type  : Fast 1100mV 0C Model Hold 'clock'
Slack : 0.169
TNS   : 0.000

Type  : Fast 1100mV 0C Model Hold 'clock_output'
Slack : 3.960
TNS   : 0.000

Type  : Fast 1100mV 0C Model Recovery 'clock'
Slack : 9.457
TNS   : 0.000

Type  : Fast 1100mV 0C Model Removal 'clock'
Slack : 0.443
TNS   : 0.000

Type  : Fast 1100mV 0C Model Minimum Pulse Width 'clock'
Slack : 5.283
TNS   : 0.000

------------------------------------------------------------
